(httperrors.HTTPValidationError) HTTPValidationError 400 (generic): Bad Request - Validation: token (in body): token in body is required
