(httperrors.HTTPValidationError) HTTPValidationError 400 (generic): Bad Request - Validation: refresh_token (in body): refresh_token in body must be of type uuid4: "not my refresh token"
