(httperrors.HTTPValidationError) HTTPValidationError 400 (generic): Bad Request - Validation: token (in body): token in body must be of type uuid4: ""
