(httperrors.HTTPValidationError) HTTPValidationError 400 (generic): Bad Request - Validation: password (in body): password in body should be at least 1 chars long
