(httperrors.HTTPValidationError) HTTPValidationError 400 (generic): Bad Request - Validation: currentPassword (in body): currentPassword in body should be at least 1 chars long
