(httperrors.HTTPValidationError) HTTPValidationError 400 (generic): Bad Request - Validation: password (in body): password in body is required
