(httperrors.HTTPValidationError) HTTPValidationError 400 (generic): Bad Request - Validation: newPassword (in body): newPassword in body is required
