{
	"email": <redacted>,
	"scopes": [
		"app"
	],
	"sub": "f6ede5d8-e22a-4ca5-aa12-67821865a3e5",
	"updated_at": <redacted>,
}
